// Jest Snapshot v1, https://goo.gl/fbAQLP

exports[`components/user_settings/display/CustomThemeChooser should match, init 1`] = `
<div
  className="appearance-section pt-2"
>
  <div
    className="theme-elements row"
  >
    <div
      className="theme-elements__header"
      id="sidebarStyles"
      onClick={[Function]}
    >
      <FormattedMessage
        defaultMessage="Sidebar Styles"
        id="user.settings.custom_theme.sidebarTitle"
        values={Object {}}
      />
      <div
        className="header__icon"
      >
        <LocalizedIcon
          className="fa fa-plus"
          component="i"
          title={
            Object {
              "defaultMessage": "Expand Icon",
              "id": "generic_icons.expand",
            }
          }
        />
        <LocalizedIcon
          className="fa fa-minus"
          component="i"
          title={
            Object {
              "defaultMessage": "Collapse Icon",
              "id": "generic_icons.collapse",
            }
          }
        />
      </div>
    </div>
    <div
      className="theme-elements__body"
    >
      <div
        className="col-sm-6 form-group element"
        key="custom-theme-key0"
      >
        <ColorChooser
          color="#4e3060"
          id="sidebarBg"
          label={
            <FormattedMessage
              defaultMessage="Sidebar BG"
              id="user.settings.custom_theme.sidebarBg"
              values={Object {}}
            />
          }
          onChange={[Function]}
        />
      </div>
      <div
        className="col-sm-6 form-group element"
        key="custom-theme-key1"
      >
        <ColorChooser
          color="#ffffff"
          id="sidebarText"
          label={
            <FormattedMessage
              defaultMessage="Sidebar Text"
              id="user.settings.custom_theme.sidebarText"
              values={Object {}}
            />
          }
          onChange={[Function]}
        />
      </div>
      <div
        className="col-sm-6 form-group element"
        key="custom-theme-key2"
      >
        <ColorChooser
          color="#4e3060"
          id="sidebarHeaderBg"
          label={
            <FormattedMessage
              defaultMessage="Sidebar Header BG"
              id="user.settings.custom_theme.sidebarHeaderBg"
              values={Object {}}
            />
          }
          onChange={[Function]}
        />
      </div>
      <div
        className="col-sm-6 form-group element"
        key="custom-theme-key3"
      >
        <ColorChooser
          color="#ffffff"
          id="sidebarHeaderTextColor"
          label={
            <FormattedMessage
              defaultMessage="Sidebar Header Text"
              id="user.settings.custom_theme.sidebarHeaderTextColor"
              values={Object {}}
            />
          }
          onChange={[Function]}
        />
      </div>
      <div
        className="col-sm-6 form-group element"
        key="custom-theme-key4"
      >
        <ColorChooser
          color="#ffffff"
          id="sidebarUnreadText"
          label={
            <FormattedMessage
              defaultMessage="Sidebar Unread Text"
              id="user.settings.custom_theme.sidebarUnreadText"
              values={Object {}}
            />
          }
          onChange={[Function]}
        />
      </div>
      <div
        className="col-sm-6 form-group element"
        key="custom-theme-key5"
      >
        <ColorChooser
          color="#6f5d7d"
          id="sidebarTextHoverBg"
          label={
            <FormattedMessage
              defaultMessage="Sidebar Text Hover BG"
              id="user.settings.custom_theme.sidebarTextHoverBg"
              values={Object {}}
            />
          }
          onChange={[Function]}
        />
      </div>
      <div
        className="col-sm-6 form-group element"
        key="custom-theme-key6"
      >
        <ColorChooser
          color="#b5a2bf"
          id="sidebarTextActiveBorder"
          label={
            <FormattedMessage
              defaultMessage="Sidebar Text Active Border"
              id="user.settings.custom_theme.sidebarTextActiveBorder"
              values={Object {}}
            />
          }
          onChange={[Function]}
        />
      </div>
      <div
        className="col-sm-6 form-group element"
        key="custom-theme-key7"
      >
        <ColorChooser
          color="#ffffff"
          id="sidebarTextActiveColor"
          label={
            <FormattedMessage
              defaultMessage="Sidebar Text Active Color"
              id="user.settings.custom_theme.sidebarTextActiveColor"
              values={Object {}}
            />
          }
          onChange={[Function]}
        />
      </div>
      <div
        className="col-sm-6 form-group element"
        key="custom-theme-key8"
      >
        <ColorChooser
          color="#8dde5d"
          id="onlineIndicator"
          label={
            <FormattedMessage
              defaultMessage="Online Indicator"
              id="user.settings.custom_theme.onlineIndicator"
              values={Object {}}
            />
          }
          onChange={[Function]}
        />
      </div>
      <div
        className="col-sm-6 form-group element"
        key="custom-theme-key9"
      >
        <ColorChooser
          color="#ff8b2c"
          id="awayIndicator"
          label={
            <FormattedMessage
              defaultMessage="Away Indicator"
              id="user.settings.custom_theme.awayIndicator"
              values={Object {}}
            />
          }
          onChange={[Function]}
        />
      </div>
      <div
        className="col-sm-6 form-group element"
        key="custom-theme-key10"
      >
        <ColorChooser
          color="#ff5f5f"
          id="dndIndicator"
          label={
            <FormattedMessage
              defaultMessage="Do Not Disturb Indicator"
              id="user.settings.custom_theme.dndIndicator"
              values={Object {}}
            />
          }
          onChange={[Function]}
        />
      </div>
      <div
        className="col-sm-6 form-group element"
        key="custom-theme-key11"
      >
        <ColorChooser
          color="#fbfbfb"
          id="mentionBg"
          label={
            <FormattedMessage
              defaultMessage="Mention Jewel BG"
              id="user.settings.custom_theme.mentionBg"
              values={Object {}}
            />
          }
          onChange={[Function]}
        />
      </div>
      <div
        className="col-sm-6 form-group element"
        key="custom-theme-key12"
      >
        <ColorChooser
          color="#0f758e"
          id="mentionColor"
          label={
            <FormattedMessage
              defaultMessage="Mention Jewel Text"
              id="user.settings.custom_theme.mentionColor"
              values={Object {}}
            />
          }
          onChange={[Function]}
        />
      </div>
    </div>
  </div>
  <div
    className="theme-elements row"
  >
    <div
      className="theme-elements__header"
      id="centerChannelStyles"
      onClick={[Function]}
    >
      <FormattedMessage
        defaultMessage="Center Channel Styles"
        id="user.settings.custom_theme.centerChannelTitle"
        values={Object {}}
      />
      <div
        className="header__icon"
      >
        <LocalizedIcon
          className="fa fa-plus"
          component="i"
          title={
            Object {
              "defaultMessage": "Expand Icon",
              "id": "generic_icons.expand",
            }
          }
        />
        <LocalizedIcon
          className="fa fa-minus"
          component="i"
          title={
            Object {
              "defaultMessage": "Collapse Icon",
              "id": "generic_icons.collapse",
            }
          }
        />
      </div>
    </div>
    <div
      className="theme-elements__body"
      id="centerChannelStyles"
    >
      <div
        className="col-sm-6 form-group element"
        key="custom-theme-key13"
      >
        <ColorChooser
          color="#f5f5f5"
          id="centerChannelBg"
          label={
            <FormattedMessage
              defaultMessage="Center Channel BG"
              id="user.settings.custom_theme.centerChannelBg"
              values={Object {}}
            />
          }
          onChange={[Function]}
        />
      </div>
      <div
        className="col-sm-6 form-group element"
        key="custom-theme-key14"
      >
        <ColorChooser
          color="#4a4a4a"
          id="centerChannelColor"
          label={
            <FormattedMessage
              defaultMessage="Center Channel Text"
              id="user.settings.custom_theme.centerChannelColor"
              values={Object {}}
            />
          }
          onChange={[Function]}
        />
      </div>
      <div
        className="col-sm-6 form-group element"
        key="custom-theme-key15"
      >
        <ColorChooser
          color="#ff8800"
          id="newMessageSeparator"
          label={
            <FormattedMessage
              defaultMessage="New Message Separator"
              id="user.settings.custom_theme.newMessageSeparator"
              values={Object {}}
            />
          }
          onChange={[Function]}
        />
      </div>
      <div
        className="col-sm-6 form-group element"
        key="custom-theme-key16"
      >
        <ColorChooser
          color="#ce5252"
          id="errorTextColor"
          label={
            <FormattedMessage
              defaultMessage="Error Text Color"
              id="user.settings.custom_theme.errorTextColor"
              values={Object {}}
            />
          }
          onChange={[Function]}
        />
      </div>
      <div
        className="col-sm-6 form-group element"
        key="custom-theme-key17"
      >
        <ColorChooser
          color="#fdff8e"
          id="mentionHighlightBg"
          label={
            <FormattedMessage
              defaultMessage="Mention Highlight BG"
              id="user.settings.custom_theme.mentionHighlightBg"
              values={Object {}}
            />
          }
          onChange={[Function]}
        />
      </div>
      <div
        className="col-sm-6 form-group element"
        key="custom-theme-key19"
      >
        <ColorChooser
          color="#0f758e"
          id="mentionHighlightLink"
          label={
            <FormattedMessage
              defaultMessage="Mention Highlight Link"
              id="user.settings.custom_theme.mentionHighlightLink"
              values={Object {}}
            />
          }
          onChange={[Function]}
        />
      </div>
      <div
        className="col-sm-6 form-group"
        key="custom-theme-key22"
      >
        <label
          className="custom-label"
        >
          <FormattedMessage
            defaultMessage="Code Theme"
            id="user.settings.custom_theme.codeTheme"
            values={Object {}}
          />
        </label>
        <div
          className="input-group theme-group group--code dropdown"
          id="codeTheme"
        >
          <select
            className="form-control"
            defaultValue="github"
            id="codeThemeSelect"
            type="text"
          >
            <option
              key="code-theme-key0"
              value="solarized-dark"
            >
              Solarized Dark
            </option>
            <option
              key="code-theme-key1"
              value="solarized-light"
            >
              Solarized Light
            </option>
            <option
              key="code-theme-key2"
              value="github"
            >
              GitHub
            </option>
            <option
              key="code-theme-key3"
              value="monokai"
            >
              Monokai
            </option>
          </select>
          <OverlayTrigger
            defaultOverlayShown={false}
            overlay={
              <Popover
                className="code-popover"
                id="code-popover"
                placement="right"
                popoverSize="sm"
                popoverStyle="info"
              >
                <img
                  alt="code theme image"
                  src={null}
                  width="200"
                />
              </Popover>
            }
            placement="top"
            trigger={
              Array [
                "hover",
                "focus",
              ]
            }
          >
            <span
              className="input-group-addon"
            >
              <img
                alt="code theme image"
                src={null}
              />
            </span>
          </OverlayTrigger>
        </div>
      </div>
    </div>
  </div>
  <div
    className="theme-elements row"
  >
    <div
      className="theme-elements__header"
      id="linkAndButtonsStyles"
      onClick={[Function]}
    >
      <FormattedMessage
        defaultMessage="Link and Button Styles"
        id="user.settings.custom_theme.linkButtonTitle"
        values={Object {}}
      />
      <div
        className="header__icon"
      >
        <LocalizedIcon
          className="fa fa-plus"
          component="i"
          title={
            Object {
              "defaultMessage": "Expand Icon",
              "id": "generic_icons.expand",
            }
          }
        />
        <LocalizedIcon
          className="fa fa-minus"
          component="i"
          title={
            Object {
              "defaultMessage": "Collapse Icon",
              "id": "generic_icons.collapse",
            }
          }
        />
      </div>
    </div>
    <div
      className="theme-elements__body"
    >
      <div
        className="col-sm-6 form-group element"
        key="custom-theme-key18"
      >
        <ColorChooser
          color="#0f758e"
          id="linkColor"
          label={
            <FormattedMessage
              defaultMessage="Link Color"
              id="user.settings.custom_theme.linkColor"
              values={Object {}}
            />
          }
          onChange={[Function]}
        />
      </div>
      <div
        className="col-sm-6 form-group element"
        key="custom-theme-key20"
      >
        <ColorChooser
          color="#0f758e"
          id="buttonBg"
          label={
            <FormattedMessage
              defaultMessage="Button BG"
              id="user.settings.custom_theme.buttonBg"
              values={Object {}}
            />
          }
          onChange={[Function]}
        />
      </div>
      <div
        className="col-sm-6 form-group element"
        key="custom-theme-key21"
      >
        <ColorChooser
          color="#ffffff"
          id="buttonColor"
          label={
            <FormattedMessage
              defaultMessage="Button Text"
              id="user.settings.custom_theme.buttonColor"
              values={Object {}}
            />
          }
          onChange={[Function]}
        />
      </div>
    </div>
  </div>
  <div
    className="row mt-3"
  >
    <div
      className="col-sm-12"
    >
      <label
        className="custom-label"
      >
        <FormattedMessage
          defaultMessage="Copy to share or paste theme colors here:"
          id="user.settings.custom_theme.copyPaste"
          values={Object {}}
        />
      </label>
      <textarea
        className="form-control"
        id="pasteBox"
        onChange={[Function]}
        onClick={[Function]}
        onCopy={[Function]}
        onPaste={[Function]}
        value="{\\"sidebarBg\\":\\"#4e3060\\",\\"sidebarText\\":\\"#ffffff\\",\\"sidebarUnreadText\\":\\"#ffffff\\",\\"sidebarTextHoverBg\\":\\"#6f5d7d\\",\\"sidebarTextActiveBorder\\":\\"#b5a2bf\\",\\"sidebarTextActiveColor\\":\\"#ffffff\\",\\"sidebarHeaderBg\\":\\"#4e3060\\",\\"sidebarHeaderTextColor\\":\\"#ffffff\\",\\"onlineIndicator\\":\\"#8dde5d\\",\\"awayIndicator\\":\\"#ff8b2c\\",\\"dndIndicator\\":\\"#ff5f5f\\",\\"mentionBj\\":\\"#fbfbfb\\",\\"mentionColor\\":\\"#0f758e\\",\\"centerChannelBg\\":\\"#f5f5f5\\",\\"centerChannelColor\\":\\"#4a4a4a\\",\\"newMessageSeparator\\":\\"#ff8800\\",\\"linkColor\\":\\"#0f758e\\",\\"buttonBg\\":\\"#0f758e\\",\\"buttonColor\\":\\"#ffffff\\",\\"errorTextColor\\":\\"#ce5252\\",\\"mentionHighlightBg\\":\\"#fdff8e\\",\\"mentionHighlightLink\\":\\"#0f758e\\",\\"mentionBg\\":\\"#fbfbfb\\",\\"codeTheme\\":\\"github\\"}"
      />
      <div
        className="mt-3"
      >
        <button
          className="btn btn-link copy-theme-button"
          onClick={[Function]}
        >
          <FormattedMessage
            defaultMessage="Copy Theme Colors"
            id="user.settings.custom_theme.copyThemeColors"
            values={Object {}}
          />
        </button>
        <span
          className="alert alert-success copy-theme-success"
          role="alert"
          style={
            Object {
              "display": "none",
            }
          }
        >
          <FormattedMessage
            defaultMessage="✔ Copied"
            id="user.settings.custom_theme.copied"
            values={Object {}}
          />
        </span>
      </div>
    </div>
  </div>
</div>
`;
